// Jest Snapshot v1, https://goo.gl/fbAQLP

exports[`icon 是个icon render successfully 1`] = `
<span>
  <svg
    className="icon"
  >
    <use
      xlinkHref="#wechat"
    />
  </svg>
</span>
`;
